01-15 10:30:00.123   123   456 D RIL_TT-AT: AT+CREG=1
01-15 10:30:01.234   123   456 D RIL_TT-AT: ^SATSIGNAL: 1,2,3
01-15 10:30:02.345   123   456 D RIL_TT-AT: +CREG: 1,5
01-15 10:30:03.456   123   456 I AudioService: setMode IN_CALL
01-15 10:30:04.567   123   456 D RIL_TT-AT: ^DSCI: 1
01-15 10:30:05.678   123   456 W GsmCdmaPhone: CALL_STATE ringing
01-15 10:30:06.789   123   456 D RIL_TT-AT: AT+CPAS
01-15 10:30:07.890   123   456 E AudioTrack: underrun
01-15 10:30:08.901   123   456 D RIL_TT-AT: ^CPSTATE: 1
01-15 10:30:09.012   123   456 I AudioRecord: start recording
01-15 10:30:10.123   123   456 D RIL_TT-AT: AT+CLCC
01-15 10:30:11.234   123   456 D RIL_TT-AT: NO CARRIER
01-15 10:30:12.345   123   456 I PowerManager: sleep
01-15 10:30:13.456   123   456 D RIL_TT-AT: AT+CSQ
01-15 10:30:14.567   123   456 D RIL_TT-AT: ^TTLOG: signal=45
